{
  "Message": "The request is invalid.",
  "ModelState": {
    "entity.ImportantProperty": [
      "The ImportantProperty field is required."
    ]
  }
}